Open Watcom Linker Version 1.9
Portions Copyright (c) 1985-2002 Sybase, Inc. All Rights Reserved.
Created on:       25/03/11 19:11:45
Executable Image: pmdfs.exe
creating a DOS executable


                        +------------+
                        |   Groups   |
                        +------------+

Group                           Address              Size
=====                           =======              ====

DGROUP                          026b:0000            00000510



                        +--------------+
                        |   Segments   |
                        +--------------+

Segment                Class          Group          Address         Size
=======                =====          =====          =======         ====

BEGTEXT                CODE           AUTO           0000:0000       00000e75
_TEXT                  CODE           AUTO           0000:0e80       00001830
FAR_DATA               FAR_DATA       AUTO           026b:0000       00000000
_NULL                  BEGDATA        DGROUP         026b:0000       00000020
_AFTERNULL             BEGDATA        DGROUP         026d:0000       00000002
_DATA                  DATA           DGROUP         026d:0002       0000006e
CONST                  DATA           DGROUP         0274:0000       00000000
CONST2                 DATA           DGROUP         0274:0000       00000000
XIB                    DATA           DGROUP         0274:0000       00000000
XI                     DATA           DGROUP         0274:0000       00000006
XIE                    DATA           DGROUP         0274:0006       00000000
YIB                    DATA           DGROUP         0274:0006       00000000
YI                     DATA           DGROUP         0274:0006       00000006
YIE                    DATA           DGROUP         0274:000c       00000000
STRINGS                DATA           DGROUP         0274:000c       00000000
DATA                   DATA           DGROUP         0274:000c       00000000
_BSS                   BSS            DGROUP         0274:000c       00000074
STACK                  STACK          DGROUP         027c:0000       00000400


                        +----------------+
                        |   Memory Map   |
                        +----------------+

* = unreferenced symbol
+ = symbol only referenced locally

Address        Symbol
=======        ======

Module: CHINT.OBJ(chainint)
0000:0000      _mvchain_intr_
Module: ETHERDFS.obj(E:\ETHERDFS.C)
026b:00a0+     _glob_pm_dfs_buffer
0000:0020+     p_inp_
0000:003f+     p_inpw_
0000:0057+     p_outp_
0000:0074+     p_outpw_
0000:0088+     pm_wait_cmd_end_
0000:00b3*     pm_io_cmd_
0000:00de+     pm_dfs_detect_
0000:0107+     pm_irq_detect_
0000:0234+     process2f_
0000:0c17+     inthandler_
0000:0e80+     begtextend_
026b:00f3+     _disp
0000:11c0      main_
Module: C:\WATCOM/lib286/dos\clibs.lib(cstart)
0000:0e71*     ___begtext
026b:0000*     __nullarea
0000:1b5e      _cstart_
0000:1c33*     _Not_Enough_Memory_
0000:1d5e      __exit_
0000:1d7d      __do_exit_with_msg__
0000:1dc0      __GETDS
Module: C:\WATCOM/lib286/dos\clibs.lib(cmodel)
0000:1dca      _small_code_
0000:1dca*     CodeModelMismatch
Module: C:\WATCOM/lib286/dos\clibs.lib(argcv.c)
026b:00fa      __argc
026b:00fc      __argv
026b:00fe      ___argc
026b:0100      ___argv
Module: C:\WATCOM/lib286/dos\clibs.lib(xmsg.c)
0000:1dca*     __exit_with_msg_
0000:1dcd      __fatal_runtime_error_
Module: C:\WATCOM/lib286/dos\clibs.lib(cmain086.c)
0000:1de7      __CMain
Module: C:\WATCOM/lib286/dos\clibs.lib(initrtns.c)
0000:1e38*     __FInitRtns
0000:1e3c      __InitRtns
0000:1e97*     __FFiniRtns
0000:1e9b      __FiniRtns
Module: C:\WATCOM/lib286/dos\clibs.lib(crwdata)
026b:0054      __curbrk
026b:005c      __STACKLOW
026b:005e      __STACKTOP
026b:0060      __cbyte
026b:0062      __child
026b:0064      __no87
026b:0072      ___FPE_handler
026b:0056      __psp
026b:0066      __get_ovl_stack
026b:006a      __restore_ovl_stack
026b:006e      __close_ovl_file
026b:0076      __LpCmdLine
026b:007a      __LpPgmName
026b:0058      __osmajor
026b:0059      __osminor
026b:005a      __osmode
026b:005b      __HShift
Module: C:\WATCOM/lib286/dos\clibs.lib(uselfn.c)
026b:007e      ___uselfn
Module: C:\WATCOM/lib286/dos\clibs.lib(dosseg)
0000:1f00      __DOSseg__
Module: C:\WATCOM/lib286/dos\clibs.lib(initargv.c)
0000:1f01      __Init_Argv_
0000:1f32+     _getargv_
0000:2097      __Fini_Argv_
Module: C:\WATCOM/lib286/dos\clibs.lib(enterdb.c)
0000:20a2      __EnterWVIDEO_
026b:0080+     ___WD_Present
Module: C:\WATCOM/lib286/dos\clibs.lib(___argc.c)
026b:0104      ____Argc
026b:0106      ____Argv
Module: C:\WATCOM/lib286/dos\clibs.lib(amblksiz.c)
026b:0082      __amblksiz
Module: C:\WATCOM/lib286/dos\clibs.lib(exit.c)
0000:20be+     __null_int23_exit_
0000:20bf      exit_
0000:20dd*     _exit_
026b:0084+     ___int23_exit
026b:0086+     ___FPE_handler_exit
Module: C:\WATCOM/lib286/dos\clibs.lib(sgdef086)
026b:0090      __Start_XI
026b:0096      __End_XI
026b:0096      __Start_YI
026b:009c      __End_YI
Module: C:\WATCOM/lib286/dos\clibs.lib(histsplt.c)
026b:0108      ___historical_splitparms
Module: C:\WATCOM/lib286/dos\clibs.lib(nmalloc.c)
0000:20ee*     _nmalloc_
0000:20ee      malloc_
026b:0088      ___nheapbeg
026b:008a      ___MiniHeapRover
026b:008c      ___LargestSizeB4MiniHeapRover
Module: C:\WATCOM/lib286/dos\clibs.lib(nfree.c)
0000:21a7      _nfree_
0000:21a7      free_
026b:010a+     ___MiniHeapFreeRover
Module: C:\WATCOM/lib286/dos\clibs.lib(nmemneed.c)
0000:2268      __nmemneed_
Module: C:\WATCOM/lib286/dos\clibs.lib(mem.c)
0000:2270      __MemAllocator
0000:233a      __MemFree
Module: C:\WATCOM/lib286/dos\clibs.lib(grownear.c)
0000:2503+     __LastFree_
0000:256a      __ExpandDGROUP_
Module: C:\WATCOM/lib286/dos\clibs.lib(heapen.c)
0000:2644*     _heapenable_
026b:008e      ___heap_enabled
Module: C:\WATCOM/lib286/dos\clibs.lib(sbrk.c)
0000:2650*     sbrk_
0000:2654      __brk_
Module: C:\WATCOM/lib286/dos\clibs.lib(errno.c)
0000:26a8      __get_errno_ptr_
0000:26ac*     __get_doserrno_ptr_
026b:010c+     _errno
026b:010e+     __doserrno


                        +--------------------+
                        |   Libraries Used   |
                        +--------------------+

C:\WATCOM/lib286/dos\clibs.lib


                        +-----------------------+
                        |   Linker Statistics   |
                        +-----------------------+

Stack size:  0400 (1024.)
Memory size:  2bc0 (11200.)
Entry point address: 0000:1b5e
Link time: 00:00.55
